  Determining projects to restore...
  All projects are up-to-date for restore.
D:\RKU\CAFE TEMP\CAFE DELIGHT\Views\Shared\_Layout.cshtml(202,10): error CS0103: The name 'media' does not exist in the current context [D:\RKU\CAFE TEMP\CAFE DELIGHT\CAFE DELIGHT.csproj]

Build FAILED.

D:\RKU\CAFE TEMP\CAFE DELIGHT\Views\Shared\_Layout.cshtml(202,10): error CS0103: The name 'media' does not exist in the current context [D:\RKU\CAFE TEMP\CAFE DELIGHT\CAFE DELIGHT.csproj]
    0 Warning(s)
    1 Error(s)

Time Elapsed 00:00:02.59
